<html>
<body>
<pre>
<h1>µVision Build Log</h1>
<h2>Project:</h2>
C:\Users\kuba2\Desktop\Jakub Osowski\curr\przerwania\przerwania.uvproj
Project File Date:  05/13/2026

<h2>Output:</h2>
Rebuild target 'Target 1'
assembling Startup.s...
compiling main.c...
main.c(51): warning:  #177-D: variable "iMainLoopCtr" was declared but never referenced
compiling led.c...
compiling timer_interrupts.c...
compiling keyboard.c...
linking...
Program Size: Code=1624 RO-data=32 RW-data=8 ZI-data=1256  
FromELF: creating hex file...
".\przerwania.axf" - 0 Errors, 1 Warning(s).
Rebuild target 'Target 1'
assembling Startup.s...
compiling main.c...
main.c(51): warning:  #177-D: variable "iMainLoopCtr" was declared but never referenced
compiling led.c...
compiling timer_interrupts.c...
compiling keyboard.c...
linking...
Program Size: Code=1624 RO-data=32 RW-data=8 ZI-data=1256  
FromELF: creating hex file...
".\przerwania.axf" - 0 Errors, 1 Warning(s).
Rebuild target 'Target 1'
assembling Startup.s...
compiling main.c...
compiling led.c...
compiling timer_interrupts.c...
compiling keyboard.c...
linking...
Program Size: Code=1624 RO-data=32 RW-data=8 ZI-data=1256  
FromELF: creating hex file...
".\przerwania.axf" - 0 Errors, 0 Warning(s).
Rebuild target 'Target 1'
assembling Startup.s...
compiling main.c...
compiling led.c...
compiling timer_interrupts.c...
compiling keyboard.c...
linking...
Program Size: Code=1624 RO-data=32 RW-data=8 ZI-data=1256  
FromELF: creating hex file...
".\przerwania.axf" - 0 Errors, 0 Warning(s).
